Archive member included to satisfy reference by file (symbol)

C:/hello_world_from_scratch2/nios/hello_world_bsp/\libhal_bsp.a(alt_load.o)
                              C:/hello_world_from_scratch2/nios/hello_world_bsp//obj/HAL/src/crt0.o (alt_load)
C:/hello_world_from_scratch2/nios/hello_world_bsp/\libhal_bsp.a(alt_main.o)
                              C:/hello_world_from_scratch2/nios/hello_world_bsp//obj/HAL/src/crt0.o (alt_main)
C:/hello_world_from_scratch2/nios/hello_world_bsp/\libhal_bsp.a(alt_putstr.o)
                              obj/default/hello_world_small.o (alt_putstr)
C:/hello_world_from_scratch2/nios/hello_world_bsp/\libhal_bsp.a(alt_sys_init.o)
                              C:/hello_world_from_scratch2/nios/hello_world_bsp/\libhal_bsp.a(alt_main.o) (alt_irq_init)
C:/hello_world_from_scratch2/nios/hello_world_bsp/\libhal_bsp.a(altera_avalon_jtag_uart_write.o)
                              C:/hello_world_from_scratch2/nios/hello_world_bsp/\libhal_bsp.a(alt_putstr.o) (altera_avalon_jtag_uart_write)
C:/hello_world_from_scratch2/nios/hello_world_bsp/\libhal_bsp.a(alt_dcache_flush_all.o)
                              C:/hello_world_from_scratch2/nios/hello_world_bsp/\libhal_bsp.a(alt_load.o) (alt_dcache_flush_all)
C:/hello_world_from_scratch2/nios/hello_world_bsp/\libhal_bsp.a(alt_icache_flush_all.o)
                              C:/hello_world_from_scratch2/nios/hello_world_bsp/\libhal_bsp.a(alt_load.o) (alt_icache_flush_all)
C:/hello_world_from_scratch2/nios/hello_world_bsp/\libhal_bsp.a(altera_nios2_gen2_irq.o)
                              C:/hello_world_from_scratch2/nios/hello_world_bsp/\libhal_bsp.a(alt_sys_init.o) (altera_nios2_gen2_irq_init)
c:/intelfpga_lite/18.0/nios2eds/bin/gnu/h-x86_64-mingw32/bin/../lib/gcc/nios2-elf/5.3.0/../../../../../H-x86_64-mingw32/nios2-elf/lib/mno-hw-mul\libsmallc.a(lib_a-strlen.o)
                              C:/hello_world_from_scratch2/nios/hello_world_bsp/\libhal_bsp.a(alt_putstr.o) (strlen)

Memory Configuration

Name             Origin             Length             Attributes
reset            0x0000000000004000 0x0000000000000020
rom              0x0000000000004020 0x0000000000003fe0
*default*        0x0000000000000000 0xffffffffffffffff

Linker script and memory map

LOAD C:/hello_world_from_scratch2/nios/hello_world_bsp//obj/HAL/src/crt0.o
LOAD obj/default/hello_world_small.o
LOAD c:/intelfpga_lite/18.0/nios2eds/bin/gnu/h-x86_64-mingw32/bin/../lib/gcc/nios2-elf/5.3.0/../../../../../H-x86_64-mingw32/nios2-elf/lib/mno-hw-mul\libstdc++.a
LOAD c:/intelfpga_lite/18.0/nios2eds/bin/gnu/h-x86_64-mingw32/bin/../lib/gcc/nios2-elf/5.3.0/../../../../../H-x86_64-mingw32/nios2-elf/lib/mno-hw-mul\libm.a
LOAD c:/intelfpga_lite/18.0/nios2eds/bin/gnu/h-x86_64-mingw32/bin/../lib/gcc/nios2-elf/5.3.0/mno-hw-mul\libgcc.a
START GROUP
LOAD c:/intelfpga_lite/18.0/nios2eds/bin/gnu/h-x86_64-mingw32/bin/../lib/gcc/nios2-elf/5.3.0/../../../../../H-x86_64-mingw32/nios2-elf/lib/mno-hw-mul\libsmallc.a
LOAD c:/intelfpga_lite/18.0/nios2eds/bin/gnu/h-x86_64-mingw32/bin/../lib/gcc/nios2-elf/5.3.0/mno-hw-mul\libgcc.a
LOAD C:/hello_world_from_scratch2/nios/hello_world_bsp/\libhal_bsp.a
LOAD c:/intelfpga_lite/18.0/nios2eds/bin/gnu/h-x86_64-mingw32/bin/../lib/gcc/nios2-elf/5.3.0/../../../../../H-x86_64-mingw32/nios2-elf/lib/mno-hw-mul\libm.a
END GROUP
LOAD c:/intelfpga_lite/18.0/nios2eds/bin/gnu/h-x86_64-mingw32/bin/../lib/gcc/nios2-elf/5.3.0/mno-hw-mul\libgcc.a
                0x0000000000004000                __alt_mem_rom = 0x4000

.entry          0x0000000000004000       0x20
 *(.entry)
 .entry         0x0000000000004000       0x20 C:/hello_world_from_scratch2/nios/hello_world_bsp//obj/HAL/src/crt0.o
                0x0000000000004000                __reset
                0x000000000000400c                _exit

.exceptions     0x0000000000004020        0x0
                0x0000000000004020                PROVIDE (__ram_exceptions_start, ABSOLUTE (.))
                0x0000000000004020                . = ALIGN (0x20)
 *(.irq)
 *(.exceptions.entry.label)
 *(.exceptions.entry.user)
 *(.exceptions.entry.ecc_fatal)
 *(.exceptions.entry)
 *(.exceptions.irqtest.user)
 *(.exceptions.irqtest)
 *(.exceptions.irqhandler.user)
 *(.exceptions.irqhandler)
 *(.exceptions.irqreturn.user)
 *(.exceptions.irqreturn)
 *(.exceptions.notirq.label)
 *(.exceptions.notirq.user)
 *(.exceptions.notirq)
 *(.exceptions.soft.user)
 *(.exceptions.soft)
 *(.exceptions.unknown.user)
 *(.exceptions.unknown)
 *(.exceptions.exit.label)
 *(.exceptions.exit.user)
 *(.exceptions.exit)
 *(.exceptions)
                0x0000000000004020                PROVIDE (__ram_exceptions_end, ABSOLUTE (.))
                0x0000000000004020                PROVIDE (__flash_exceptions_start, LOADADDR (.exceptions))

.text           0x0000000000004020      0x250
                [!provide]                        PROVIDE (stext, ABSOLUTE (.))
 *(.interp)
 *(.hash)
 *(.dynsym)
 *(.dynstr)
 *(.gnu.version)
 *(.gnu.version_d)
 *(.gnu.version_r)
 *(.rel.init)
 *(.rela.init)
 *(.rel.text .rel.text.* .rel.gnu.linkonce.t.*)
 *(.rela.text .rela.text.* .rela.gnu.linkonce.t.*)
 *(.rel.fini)
 *(.rela.fini)
 *(.rel.rodata .rel.rodata.* .rel.gnu.linkonce.r.*)
 *(.rela.rodata .rela.rodata.* .rela.gnu.linkonce.r.*)
 *(.rel.data .rel.data.* .rel.gnu.linkonce.d.*)
 *(.rela.data .rela.data.* .rela.gnu.linkonce.d.*)
 *(.rel.tdata .rel.tdata.* .rel.gnu.linkonce.td.*)
 *(.rela.tdata .rela.tdata.* .rela.gnu.linkonce.td.*)
 *(.rel.tbss .rel.tbss.* .rel.gnu.linkonce.tb.*)
 *(.rela.tbss .rela.tbss.* .rela.gnu.linkonce.tb.*)
 *(.rel.ctors)
 *(.rela.ctors)
 *(.rel.dtors)
 *(.rela.dtors)
 *(.rel.got)
 *(.rela.got)
 *(.rel.sdata .rel.sdata.* .rel.gnu.linkonce.s.*)
 *(.rela.sdata .rela.sdata.* .rela.gnu.linkonce.s.*)
 *(.rel.sbss .rel.sbss.* .rel.gnu.linkonce.sb.*)
 *(.rela.sbss .rela.sbss.* .rela.gnu.linkonce.sb.*)
 *(.rel.sdata2 .rel.sdata2.* .rel.gnu.linkonce.s2.*)
 *(.rela.sdata2 .rela.sdata2.* .rela.gnu.linkonce.s2.*)
 *(.rel.sbss2 .rel.sbss2.* .rel.gnu.linkonce.sb2.*)
 *(.rela.sbss2 .rela.sbss2.* .rela.gnu.linkonce.sb2.*)
 *(.rel.bss .rel.bss.* .rel.gnu.linkonce.b.*)
 *(.rela.bss .rela.bss.* .rela.gnu.linkonce.b.*)
 *(.rel.plt)
 *(.rela.plt)
 *(.rel.dyn)
 *(.init)
 *(.plt)
 *(.text .stub .text.* .gnu.linkonce.t.*)
 .text          0x0000000000004020       0x3c C:/hello_world_from_scratch2/nios/hello_world_bsp//obj/HAL/src/crt0.o
                0x0000000000004020                _start
 .text          0x000000000000405c        0x0 obj/default/hello_world_small.o
 .text.startup  0x000000000000405c       0x4c obj/default/hello_world_small.o
                0x000000000000405c                main
 .text          0x00000000000040a8       0xe0 C:/hello_world_from_scratch2/nios/hello_world_bsp/\libhal_bsp.a(alt_load.o)
                0x00000000000040a8                alt_load
 .text          0x0000000000004188       0x2c C:/hello_world_from_scratch2/nios/hello_world_bsp/\libhal_bsp.a(alt_main.o)
                0x0000000000004188                alt_main
 .text          0x00000000000041b4       0x38 C:/hello_world_from_scratch2/nios/hello_world_bsp/\libhal_bsp.a(alt_putstr.o)
                0x00000000000041b4                alt_putstr
 .text          0x00000000000041ec       0x24 C:/hello_world_from_scratch2/nios/hello_world_bsp/\libhal_bsp.a(alt_sys_init.o)
                0x00000000000041ec                alt_irq_init
                0x000000000000420c                alt_sys_init
 .text          0x0000000000004210       0x34 C:/hello_world_from_scratch2/nios/hello_world_bsp/\libhal_bsp.a(altera_avalon_jtag_uart_write.o)
                0x0000000000004210                altera_avalon_jtag_uart_write
 .text          0x0000000000004244        0x4 C:/hello_world_from_scratch2/nios/hello_world_bsp/\libhal_bsp.a(alt_dcache_flush_all.o)
                0x0000000000004244                alt_dcache_flush_all
 .text          0x0000000000004248        0x4 C:/hello_world_from_scratch2/nios/hello_world_bsp/\libhal_bsp.a(alt_icache_flush_all.o)
                0x0000000000004248                alt_icache_flush_all
 .text          0x000000000000424c        0x8 C:/hello_world_from_scratch2/nios/hello_world_bsp/\libhal_bsp.a(altera_nios2_gen2_irq.o)
                0x000000000000424c                altera_nios2_gen2_irq_init
 .text          0x0000000000004254        0x0 c:/intelfpga_lite/18.0/nios2eds/bin/gnu/h-x86_64-mingw32/bin/../lib/gcc/nios2-elf/5.3.0/../../../../../H-x86_64-mingw32/nios2-elf/lib/mno-hw-mul\libsmallc.a(lib_a-strlen.o)
 .text.strlen   0x0000000000004254       0x1c c:/intelfpga_lite/18.0/nios2eds/bin/gnu/h-x86_64-mingw32/bin/../lib/gcc/nios2-elf/5.3.0/../../../../../H-x86_64-mingw32/nios2-elf/lib/mno-hw-mul\libsmallc.a(lib_a-strlen.o)
                0x0000000000004254                strlen
 *(.gnu.warning.*)
 *(.fini)
                [!provide]                        PROVIDE (__etext, ABSOLUTE (.))
                [!provide]                        PROVIDE (_etext, ABSOLUTE (.))
                [!provide]                        PROVIDE (etext, ABSOLUTE (.))
 *(.eh_frame_hdr)
                0x0000000000004270                . = ALIGN (0x4)
                [!provide]                        PROVIDE (__preinit_array_start, ABSOLUTE (.))
 *(.preinit_array)
                [!provide]                        PROVIDE (__preinit_array_end, ABSOLUTE (.))
                [!provide]                        PROVIDE (__init_array_start, ABSOLUTE (.))
 *(.init_array)
                [!provide]                        PROVIDE (__init_array_end, ABSOLUTE (.))
                [!provide]                        PROVIDE (__fini_array_start, ABSOLUTE (.))
 *(.fini_array)
                [!provide]                        PROVIDE (__fini_array_end, ABSOLUTE (.))
 *(.eh_frame)
 *(.gcc_except_table .gcc_except_table.*)
 *(.dynamic)
                [!provide]                        PROVIDE (__CTOR_LIST__, ABSOLUTE (.))
 *(.ctors)
 *(SORT(.ctors.*))
                [!provide]                        PROVIDE (__CTOR_END__, ABSOLUTE (.))
                [!provide]                        PROVIDE (__DTOR_LIST__, ABSOLUTE (.))
 *(.dtors)
 *(SORT(.dtors.*))
                [!provide]                        PROVIDE (__DTOR_END__, ABSOLUTE (.))
 *(.jcr)
                0x0000000000004270                . = ALIGN (0x4)

.rodata         0x0000000000004270       0x2c
                0x0000000000004270                PROVIDE (__ram_rodata_start, ABSOLUTE (.))
                0x0000000000004270                . = ALIGN (0x4)
 *(.rodata .rodata.* .gnu.linkonce.r.*)
 .rodata.str1.4
                0x0000000000004270       0x2c obj/default/hello_world_small.o
                                         0x2b (size before relaxing)
 *(.rodata1)
                0x000000000000429c                . = ALIGN (0x4)
                0x000000000000429c                PROVIDE (__ram_rodata_end, ABSOLUTE (.))
                0x0000000000004270                PROVIDE (__flash_rodata_start, LOADADDR (.rodata))

.rwdata         0x000000000000429c        0x4 load address 0x00000000000042a0
                0x000000000000429c                PROVIDE (__ram_rwdata_start, ABSOLUTE (.))
                0x000000000000429c                . = ALIGN (0x4)
 *(.got.plt)
 *(.got)
 *(.data1)
 *(.data .data.* .gnu.linkonce.d.*)
 .data          0x000000000000429c        0x0 C:/hello_world_from_scratch2/nios/hello_world_bsp//obj/HAL/src/crt0.o
 .data          0x000000000000429c        0x0 obj/default/hello_world_small.o
 .data          0x000000000000429c        0x0 C:/hello_world_from_scratch2/nios/hello_world_bsp/\libhal_bsp.a(alt_load.o)
 .data          0x000000000000429c        0x0 C:/hello_world_from_scratch2/nios/hello_world_bsp/\libhal_bsp.a(alt_main.o)
 .data          0x000000000000429c        0x0 C:/hello_world_from_scratch2/nios/hello_world_bsp/\libhal_bsp.a(alt_putstr.o)
 .data          0x000000000000429c        0x0 C:/hello_world_from_scratch2/nios/hello_world_bsp/\libhal_bsp.a(alt_sys_init.o)
 .data          0x000000000000429c        0x0 C:/hello_world_from_scratch2/nios/hello_world_bsp/\libhal_bsp.a(altera_avalon_jtag_uart_write.o)
 .data          0x000000000000429c        0x0 C:/hello_world_from_scratch2/nios/hello_world_bsp/\libhal_bsp.a(alt_dcache_flush_all.o)
 .data          0x000000000000429c        0x0 C:/hello_world_from_scratch2/nios/hello_world_bsp/\libhal_bsp.a(alt_icache_flush_all.o)
 .data          0x000000000000429c        0x0 C:/hello_world_from_scratch2/nios/hello_world_bsp/\libhal_bsp.a(altera_nios2_gen2_irq.o)
 .data          0x000000000000429c        0x0 c:/intelfpga_lite/18.0/nios2eds/bin/gnu/h-x86_64-mingw32/bin/../lib/gcc/nios2-elf/5.3.0/../../../../../H-x86_64-mingw32/nios2-elf/lib/mno-hw-mul\libsmallc.a(lib_a-strlen.o)
                0x000000000000c29c                _gp = ABSOLUTE ((. + 0x8000))
                [!provide]                        PROVIDE (gp, _gp)
 *(.rwdata .rwdata.*)
 *(.sdata .sdata.* .gnu.linkonce.s.*)
 .sdata         0x000000000000429c        0x4 C:/hello_world_from_scratch2/nios/hello_world_bsp/\libhal_bsp.a(alt_sys_init.o)
                0x000000000000429c                uart
 *(.sdata2 .sdata2.* .gnu.linkonce.s2.*)
                0x00000000000042a0                . = ALIGN (0x4)
                0x00000000000042a0                _edata = ABSOLUTE (.)
                [!provide]                        PROVIDE (edata, ABSOLUTE (.))
                0x00000000000042a0                PROVIDE (__ram_rwdata_end, ABSOLUTE (.))
                0x00000000000042a0                PROVIDE (__flash_rwdata_start, LOADADDR (.rwdata))

.bss            0x00000000000042a4        0xc
                0x00000000000042a4                __bss_start = ABSOLUTE (.)
                [!provide]                        PROVIDE (__sbss_start, ABSOLUTE (.))
                [!provide]                        PROVIDE (___sbss_start, ABSOLUTE (.))
 *(.dynsbss)
 *(.sbss .sbss.* .gnu.linkonce.sb.*)
 .sbss          0x00000000000042a4        0xc C:/hello_world_from_scratch2/nios/hello_world_bsp/\libhal_bsp.a(alt_main.o)
                0x00000000000042a4                alt_envp
                0x00000000000042a8                alt_argv
                0x00000000000042ac                alt_argc
 *(.sbss2 .sbss2.* .gnu.linkonce.sb2.*)
 *(.scommon)
                [!provide]                        PROVIDE (__sbss_end, ABSOLUTE (.))
                [!provide]                        PROVIDE (___sbss_end, ABSOLUTE (.))
 *(.dynbss)
 *(.bss .bss.* .gnu.linkonce.b.*)
 .bss           0x00000000000042b0        0x0 C:/hello_world_from_scratch2/nios/hello_world_bsp//obj/HAL/src/crt0.o
 .bss           0x00000000000042b0        0x0 obj/default/hello_world_small.o
 .bss           0x00000000000042b0        0x0 C:/hello_world_from_scratch2/nios/hello_world_bsp/\libhal_bsp.a(alt_load.o)
 .bss           0x00000000000042b0        0x0 C:/hello_world_from_scratch2/nios/hello_world_bsp/\libhal_bsp.a(alt_main.o)
 .bss           0x00000000000042b0        0x0 C:/hello_world_from_scratch2/nios/hello_world_bsp/\libhal_bsp.a(alt_putstr.o)
 .bss           0x00000000000042b0        0x0 C:/hello_world_from_scratch2/nios/hello_world_bsp/\libhal_bsp.a(alt_sys_init.o)
 .bss           0x00000000000042b0        0x0 C:/hello_world_from_scratch2/nios/hello_world_bsp/\libhal_bsp.a(altera_avalon_jtag_uart_write.o)
 .bss           0x00000000000042b0        0x0 C:/hello_world_from_scratch2/nios/hello_world_bsp/\libhal_bsp.a(alt_dcache_flush_all.o)
 .bss           0x00000000000042b0        0x0 C:/hello_world_from_scratch2/nios/hello_world_bsp/\libhal_bsp.a(alt_icache_flush_all.o)
 .bss           0x00000000000042b0        0x0 C:/hello_world_from_scratch2/nios/hello_world_bsp/\libhal_bsp.a(altera_nios2_gen2_irq.o)
 .bss           0x00000000000042b0        0x0 c:/intelfpga_lite/18.0/nios2eds/bin/gnu/h-x86_64-mingw32/bin/../lib/gcc/nios2-elf/5.3.0/../../../../../H-x86_64-mingw32/nios2-elf/lib/mno-hw-mul\libsmallc.a(lib_a-strlen.o)
 *(COMMON)
                0x00000000000042b0                . = ALIGN (0x4)
                0x00000000000042b0                __bss_end = ABSOLUTE (.)

.rom            0x00000000000042b0        0x0
                [!provide]                        PROVIDE (_alt_partition_rom_start, ABSOLUTE (.))
 *(.rom .rom. rom.*)
                0x00000000000042b0                . = ALIGN (0x4)
                [!provide]                        PROVIDE (_alt_partition_rom_end, ABSOLUTE (.))
                0x00000000000042b0                _end = ABSOLUTE (.)
                0x00000000000042b0                end = ABSOLUTE (.)
                0x00000000000042b0                __alt_stack_base = ABSOLUTE (.)
                [!provide]                        PROVIDE (_alt_partition_rom_load_addr, LOADADDR (.rom))

.stab
 *(.stab)

.stabstr
 *(.stabstr)

.stab.excl
 *(.stab.excl)

.stab.exclstr
 *(.stab.exclstr)

.stab.index
 *(.stab.index)

.stab.indexstr
 *(.stab.indexstr)

.comment        0x0000000000000000       0x23
 *(.comment)
 .comment       0x0000000000000000       0x23 obj/default/hello_world_small.o
                                         0x24 (size before relaxing)
 .comment       0x0000000000000023       0x24 C:/hello_world_from_scratch2/nios/hello_world_bsp/\libhal_bsp.a(alt_load.o)
 .comment       0x0000000000000023       0x24 C:/hello_world_from_scratch2/nios/hello_world_bsp/\libhal_bsp.a(alt_main.o)
 .comment       0x0000000000000023       0x24 C:/hello_world_from_scratch2/nios/hello_world_bsp/\libhal_bsp.a(alt_putstr.o)
 .comment       0x0000000000000023       0x24 C:/hello_world_from_scratch2/nios/hello_world_bsp/\libhal_bsp.a(alt_sys_init.o)
 .comment       0x0000000000000023       0x24 C:/hello_world_from_scratch2/nios/hello_world_bsp/\libhal_bsp.a(altera_avalon_jtag_uart_write.o)
 .comment       0x0000000000000023       0x24 C:/hello_world_from_scratch2/nios/hello_world_bsp/\libhal_bsp.a(alt_dcache_flush_all.o)
 .comment       0x0000000000000023       0x24 C:/hello_world_from_scratch2/nios/hello_world_bsp/\libhal_bsp.a(alt_icache_flush_all.o)
 .comment       0x0000000000000023       0x24 C:/hello_world_from_scratch2/nios/hello_world_bsp/\libhal_bsp.a(altera_nios2_gen2_irq.o)
 .comment       0x0000000000000023       0x24 c:/intelfpga_lite/18.0/nios2eds/bin/gnu/h-x86_64-mingw32/bin/../lib/gcc/nios2-elf/5.3.0/../../../../../H-x86_64-mingw32/nios2-elf/lib/mno-hw-mul\libsmallc.a(lib_a-strlen.o)

.debug
 *(.debug)

.line
 *(.line)

.debug_srcinfo
 *(.debug_srcinfo)

.debug_sfnames
 *(.debug_sfnames)

.debug_aranges  0x0000000000000000      0x168
 *(.debug_aranges)
 .debug_aranges
                0x0000000000000000       0x28 C:/hello_world_from_scratch2/nios/hello_world_bsp//obj/HAL/src/crt0.o
 .debug_aranges
                0x0000000000000028       0x20 obj/default/hello_world_small.o
 .debug_aranges
                0x0000000000000048       0x20 C:/hello_world_from_scratch2/nios/hello_world_bsp/\libhal_bsp.a(alt_load.o)
 .debug_aranges
                0x0000000000000068       0x20 C:/hello_world_from_scratch2/nios/hello_world_bsp/\libhal_bsp.a(alt_main.o)
 .debug_aranges
                0x0000000000000088       0x20 C:/hello_world_from_scratch2/nios/hello_world_bsp/\libhal_bsp.a(alt_putstr.o)
 .debug_aranges
                0x00000000000000a8       0x20 C:/hello_world_from_scratch2/nios/hello_world_bsp/\libhal_bsp.a(alt_sys_init.o)
 .debug_aranges
                0x00000000000000c8       0x20 C:/hello_world_from_scratch2/nios/hello_world_bsp/\libhal_bsp.a(altera_avalon_jtag_uart_write.o)
 .debug_aranges
                0x00000000000000e8       0x20 C:/hello_world_from_scratch2/nios/hello_world_bsp/\libhal_bsp.a(alt_dcache_flush_all.o)
 .debug_aranges
                0x0000000000000108       0x20 C:/hello_world_from_scratch2/nios/hello_world_bsp/\libhal_bsp.a(alt_icache_flush_all.o)
 .debug_aranges
                0x0000000000000128       0x20 C:/hello_world_from_scratch2/nios/hello_world_bsp/\libhal_bsp.a(altera_nios2_gen2_irq.o)
 .debug_aranges
                0x0000000000000148       0x20 c:/intelfpga_lite/18.0/nios2eds/bin/gnu/h-x86_64-mingw32/bin/../lib/gcc/nios2-elf/5.3.0/../../../../../H-x86_64-mingw32/nios2-elf/lib/mno-hw-mul\libsmallc.a(lib_a-strlen.o)

.debug_pubnames
 *(.debug_pubnames)

.debug_info     0x0000000000000000      0xb4d
 *(.debug_info .gnu.linkonce.wi.*)
 .debug_info    0x0000000000000000       0x66 C:/hello_world_from_scratch2/nios/hello_world_bsp//obj/HAL/src/crt0.o
 .debug_info    0x0000000000000066       0xe0 obj/default/hello_world_small.o
 .debug_info    0x0000000000000146      0x1c9 C:/hello_world_from_scratch2/nios/hello_world_bsp/\libhal_bsp.a(alt_load.o)
 .debug_info    0x000000000000030f      0x169 C:/hello_world_from_scratch2/nios/hello_world_bsp/\libhal_bsp.a(alt_main.o)
 .debug_info    0x0000000000000478      0x13a C:/hello_world_from_scratch2/nios/hello_world_bsp/\libhal_bsp.a(alt_putstr.o)
 .debug_info    0x00000000000005b2      0x185 C:/hello_world_from_scratch2/nios/hello_world_bsp/\libhal_bsp.a(alt_sys_init.o)
 .debug_info    0x0000000000000737      0x197 C:/hello_world_from_scratch2/nios/hello_world_bsp/\libhal_bsp.a(altera_avalon_jtag_uart_write.o)
 .debug_info    0x00000000000008ce       0x92 C:/hello_world_from_scratch2/nios/hello_world_bsp/\libhal_bsp.a(alt_dcache_flush_all.o)
 .debug_info    0x0000000000000960       0x92 C:/hello_world_from_scratch2/nios/hello_world_bsp/\libhal_bsp.a(alt_icache_flush_all.o)
 .debug_info    0x00000000000009f2       0x92 C:/hello_world_from_scratch2/nios/hello_world_bsp/\libhal_bsp.a(altera_nios2_gen2_irq.o)
 .debug_info    0x0000000000000a84       0xc9 c:/intelfpga_lite/18.0/nios2eds/bin/gnu/h-x86_64-mingw32/bin/../lib/gcc/nios2-elf/5.3.0/../../../../../H-x86_64-mingw32/nios2-elf/lib/mno-hw-mul\libsmallc.a(lib_a-strlen.o)

.debug_abbrev   0x0000000000000000      0x666
 *(.debug_abbrev)
 .debug_abbrev  0x0000000000000000       0x12 C:/hello_world_from_scratch2/nios/hello_world_bsp//obj/HAL/src/crt0.o
 .debug_abbrev  0x0000000000000012       0x9a obj/default/hello_world_small.o
 .debug_abbrev  0x00000000000000ac       0xd8 C:/hello_world_from_scratch2/nios/hello_world_bsp/\libhal_bsp.a(alt_load.o)
 .debug_abbrev  0x0000000000000184       0xee C:/hello_world_from_scratch2/nios/hello_world_bsp/\libhal_bsp.a(alt_main.o)
 .debug_abbrev  0x0000000000000272       0xd3 C:/hello_world_from_scratch2/nios/hello_world_bsp/\libhal_bsp.a(alt_putstr.o)
 .debug_abbrev  0x0000000000000345      0x107 C:/hello_world_from_scratch2/nios/hello_world_bsp/\libhal_bsp.a(alt_sys_init.o)
 .debug_abbrev  0x000000000000044c       0xd5 C:/hello_world_from_scratch2/nios/hello_world_bsp/\libhal_bsp.a(altera_avalon_jtag_uart_write.o)
 .debug_abbrev  0x0000000000000521       0x42 C:/hello_world_from_scratch2/nios/hello_world_bsp/\libhal_bsp.a(alt_dcache_flush_all.o)
 .debug_abbrev  0x0000000000000563       0x42 C:/hello_world_from_scratch2/nios/hello_world_bsp/\libhal_bsp.a(alt_icache_flush_all.o)
 .debug_abbrev  0x00000000000005a5       0x42 C:/hello_world_from_scratch2/nios/hello_world_bsp/\libhal_bsp.a(altera_nios2_gen2_irq.o)
 .debug_abbrev  0x00000000000005e7       0x7f c:/intelfpga_lite/18.0/nios2eds/bin/gnu/h-x86_64-mingw32/bin/../lib/gcc/nios2-elf/5.3.0/../../../../../H-x86_64-mingw32/nios2-elf/lib/mno-hw-mul\libsmallc.a(lib_a-strlen.o)

.debug_line     0x0000000000000000      0x78d
 *(.debug_line)
 .debug_line    0x0000000000000000       0x66 C:/hello_world_from_scratch2/nios/hello_world_bsp//obj/HAL/src/crt0.o
 .debug_line    0x0000000000000066       0xed obj/default/hello_world_small.o
 .debug_line    0x0000000000000153       0xa4 C:/hello_world_from_scratch2/nios/hello_world_bsp/\libhal_bsp.a(alt_load.o)
 .debug_line    0x00000000000001f7       0xbd C:/hello_world_from_scratch2/nios/hello_world_bsp/\libhal_bsp.a(alt_main.o)
 .debug_line    0x00000000000002b4       0xa0 C:/hello_world_from_scratch2/nios/hello_world_bsp/\libhal_bsp.a(alt_putstr.o)
 .debug_line    0x0000000000000354      0x101 C:/hello_world_from_scratch2/nios/hello_world_bsp/\libhal_bsp.a(alt_sys_init.o)
 .debug_line    0x0000000000000455       0xf0 C:/hello_world_from_scratch2/nios/hello_world_bsp/\libhal_bsp.a(altera_avalon_jtag_uart_write.o)
 .debug_line    0x0000000000000545       0x4e C:/hello_world_from_scratch2/nios/hello_world_bsp/\libhal_bsp.a(alt_dcache_flush_all.o)
 .debug_line    0x0000000000000593       0x4e C:/hello_world_from_scratch2/nios/hello_world_bsp/\libhal_bsp.a(alt_icache_flush_all.o)
 .debug_line    0x00000000000005e1       0x50 C:/hello_world_from_scratch2/nios/hello_world_bsp/\libhal_bsp.a(altera_nios2_gen2_irq.o)
 .debug_line    0x0000000000000631      0x15c c:/intelfpga_lite/18.0/nios2eds/bin/gnu/h-x86_64-mingw32/bin/../lib/gcc/nios2-elf/5.3.0/../../../../../H-x86_64-mingw32/nios2-elf/lib/mno-hw-mul\libsmallc.a(lib_a-strlen.o)

.debug_frame    0x0000000000000000      0x198
 *(.debug_frame)
 .debug_frame   0x0000000000000000       0x30 obj/default/hello_world_small.o
 .debug_frame   0x0000000000000030       0x30 C:/hello_world_from_scratch2/nios/hello_world_bsp/\libhal_bsp.a(alt_load.o)
 .debug_frame   0x0000000000000060       0x2c C:/hello_world_from_scratch2/nios/hello_world_bsp/\libhal_bsp.a(alt_main.o)
 .debug_frame   0x000000000000008c       0x30 C:/hello_world_from_scratch2/nios/hello_world_bsp/\libhal_bsp.a(alt_putstr.o)
 .debug_frame   0x00000000000000bc       0x3c C:/hello_world_from_scratch2/nios/hello_world_bsp/\libhal_bsp.a(alt_sys_init.o)
 .debug_frame   0x00000000000000f8       0x20 C:/hello_world_from_scratch2/nios/hello_world_bsp/\libhal_bsp.a(altera_avalon_jtag_uart_write.o)
 .debug_frame   0x0000000000000118       0x20 C:/hello_world_from_scratch2/nios/hello_world_bsp/\libhal_bsp.a(alt_dcache_flush_all.o)
 .debug_frame   0x0000000000000138       0x20 C:/hello_world_from_scratch2/nios/hello_world_bsp/\libhal_bsp.a(alt_icache_flush_all.o)
 .debug_frame   0x0000000000000158       0x20 C:/hello_world_from_scratch2/nios/hello_world_bsp/\libhal_bsp.a(altera_nios2_gen2_irq.o)
 .debug_frame   0x0000000000000178       0x20 c:/intelfpga_lite/18.0/nios2eds/bin/gnu/h-x86_64-mingw32/bin/../lib/gcc/nios2-elf/5.3.0/../../../../../H-x86_64-mingw32/nios2-elf/lib/mno-hw-mul\libsmallc.a(lib_a-strlen.o)

.debug_str      0x0000000000000000      0x5a4
 *(.debug_str)
 .debug_str     0x0000000000000000      0x113 obj/default/hello_world_small.o
                                        0x159 (size before relaxing)
 .debug_str     0x0000000000000113      0x14d C:/hello_world_from_scratch2/nios/hello_world_bsp/\libhal_bsp.a(alt_load.o)
                                        0x234 (size before relaxing)
 .debug_str     0x0000000000000260       0x8f C:/hello_world_from_scratch2/nios/hello_world_bsp/\libhal_bsp.a(alt_main.o)
                                        0x1ad (size before relaxing)
 .debug_str     0x00000000000002ef       0x5f C:/hello_world_from_scratch2/nios/hello_world_bsp/\libhal_bsp.a(alt_putstr.o)
                                        0x183 (size before relaxing)
 .debug_str     0x000000000000034e       0x86 C:/hello_world_from_scratch2/nios/hello_world_bsp/\libhal_bsp.a(alt_sys_init.o)
                                        0x217 (size before relaxing)
 .debug_str     0x00000000000003d4       0x38 C:/hello_world_from_scratch2/nios/hello_world_bsp/\libhal_bsp.a(altera_avalon_jtag_uart_write.o)
                                        0x20d (size before relaxing)
 .debug_str     0x000000000000040c       0x1f C:/hello_world_from_scratch2/nios/hello_world_bsp/\libhal_bsp.a(alt_dcache_flush_all.o)
                                        0x14d (size before relaxing)
 .debug_str     0x000000000000042b       0x1f C:/hello_world_from_scratch2/nios/hello_world_bsp/\libhal_bsp.a(alt_icache_flush_all.o)
                                        0x14d (size before relaxing)
 .debug_str     0x000000000000044a       0x20 C:/hello_world_from_scratch2/nios/hello_world_bsp/\libhal_bsp.a(altera_nios2_gen2_irq.o)
                                        0x154 (size before relaxing)
 .debug_str     0x000000000000046a      0x13a c:/intelfpga_lite/18.0/nios2eds/bin/gnu/h-x86_64-mingw32/bin/../lib/gcc/nios2-elf/5.3.0/../../../../../H-x86_64-mingw32/nios2-elf/lib/mno-hw-mul\libsmallc.a(lib_a-strlen.o)
                                        0x1e5 (size before relaxing)

.debug_loc      0x0000000000000000      0x12b
 *(.debug_loc)
 .debug_loc     0x0000000000000000       0x2a obj/default/hello_world_small.o
 .debug_loc     0x000000000000002a       0x37 C:/hello_world_from_scratch2/nios/hello_world_bsp/\libhal_bsp.a(alt_putstr.o)
 .debug_loc     0x0000000000000061       0x21 C:/hello_world_from_scratch2/nios/hello_world_bsp/\libhal_bsp.a(alt_sys_init.o)
 .debug_loc     0x0000000000000082       0x8b C:/hello_world_from_scratch2/nios/hello_world_bsp/\libhal_bsp.a(altera_avalon_jtag_uart_write.o)
 .debug_loc     0x000000000000010d       0x1e c:/intelfpga_lite/18.0/nios2eds/bin/gnu/h-x86_64-mingw32/bin/../lib/gcc/nios2-elf/5.3.0/../../../../../H-x86_64-mingw32/nios2-elf/lib/mno-hw-mul\libsmallc.a(lib_a-strlen.o)

.debug_macinfo
 *(.debug_macinfo)

.debug_weaknames
 *(.debug_weaknames)

.debug_funcnames
 *(.debug_funcnames)

.debug_typenames
 *(.debug_typenames)

.debug_varnames
 *(.debug_varnames)

.debug_alt_sim_info
                0x0000000000000000       0x10
 *(.debug_alt_sim_info)
 .debug_alt_sim_info
                0x0000000000000000       0x10 C:/hello_world_from_scratch2/nios/hello_world_bsp//obj/HAL/src/crt0.o
                0x0000000000008000                __alt_data_end = 0x8000
                0x0000000000008000                PROVIDE (__alt_stack_pointer, __alt_data_end)
                [!provide]                        PROVIDE (__alt_stack_limit, __alt_stack_base)
                [!provide]                        PROVIDE (__alt_heap_start, end)
                [!provide]                        PROVIDE (__alt_heap_limit, 0x8000)
OUTPUT(hello_world.elf elf32-littlenios2)

.debug_ranges   0x0000000000000000       0x88
 .debug_ranges  0x0000000000000000       0x20 C:/hello_world_from_scratch2/nios/hello_world_bsp//obj/HAL/src/crt0.o
 .debug_ranges  0x0000000000000020       0x10 obj/default/hello_world_small.o
 .debug_ranges  0x0000000000000030       0x48 C:/hello_world_from_scratch2/nios/hello_world_bsp/\libhal_bsp.a(alt_load.o)
 .debug_ranges  0x0000000000000078       0x10 c:/intelfpga_lite/18.0/nios2eds/bin/gnu/h-x86_64-mingw32/bin/../lib/gcc/nios2-elf/5.3.0/../../../../../H-x86_64-mingw32/nios2-elf/lib/mno-hw-mul\libsmallc.a(lib_a-strlen.o)
